// Jest Snapshot v1, https://goo.gl/fbAQLP

exports[`Culr Should give status ERROR_INVALID_CPR 1`] = `
Object {
  "data": Object {
    "culr": Object {
      "createAccount": Object {
        "status": "ERROR_UNAUTHENTICATED_TOKEN",
      },
    },
  },
}
`;
