// Jest Snapshot v1, https://goo.gl/fbAQLP

exports[`InfomediaContent, 2 articles 1`] = `
Object {
  "data": Object {
    "infomediaContent": Array [
      Object {
        "html": "<div class=\\"infomedia_HeadLine\\">Afghanistan: NATO bruger hvid fosfor i stort omfang mod Taleban</div>
<div class=\\"infomedia_SubHeadLine\\">Afghanistan: NATO bruger hvid fosfor i stort omfang mod Taleban</div>
<div class=\\"infomedia_ByLine\\">Charlotte Aagaard, Anton Geist, Sebastian Gjerding, Emil Rottbøll, ,, ,  Og</div>
<div class=\\"infomedia_DateLine\\">19. April 2011</div>
<div class=\\"infomedia_paper\\">Information</div>
<div class=\\"infomedia_hedline\\">NATO-koalitionen skyder med hvid fosfor i Afghanistan i langt større omfang, end det hidtil har været kendt. Flere efterretningsrapporter tyder på, at det napalmlignende stof bruges ulovligt som angrebsvåben. Også danske styrker har brugt hvid fosfor i beboede områder</div>
<div class=\\"infomedia_text\\"><p id=\\"p1\\">Nye lækkede efterretningsrapporter viser et overraskende stort forbrug af hvid fosfor i krigen mod Taleban.</p><p id=\\"p2\\">De knap 15.000 efterretningsrapporter fra koalitionen i Afghanistan, som Information er i besiddelse af, viser eksempler på, at NATO-koalitionens styrker ( ISAF) har skudt 20, 30 og 50 runder af det napalmlignende stof mod ét enkelt oprørsmål.</p><p id=\\"p3\\">Normalt bruges hvid fosfor til at oplyse et krigsområde om natten, udlægge røgslør eller markere et bombemål.</p><p id=\\"p4\\">Men der er adskillige efterretningsrapporter, som tyder på, at hvid fosfor anvendes som angrebsvåben mod Taleban og deres allierede.</p><p id=\\"p5\\">Ifølge FN's Våbenkonvention er bomber med hvid fosfor ulovlige at bruge i krig, når det sker i »tætbebyggede områder«, eller hvis der er risiko for at ramme civile.</p><p id=\\"p6\\">Hvid fosfor som angreb I en af de lækkede rapporter fremgår det, at amerikanske styrker 19. juni 2008 i det østlige Afghanistan har fået øje på en fjendtlig oprørsstilling mellem kl. 9.59 og 12.22 afghansk tid.</p><p id=\\"p7\\">»Som svar affyrede Task Force Eagle 30 gange 120 mm hvid fosfor på denne koordinat og smed to GBU 31 ( bomber) i nærheden af samme koordinat,« hedder det i ISAF-rapport # 06-862. ISAF bekræfter brugen af fosfor som angrebsvåben, men afviser, at det bruges ulovligt.</p><p id=\\"p8\\">Den omfattende brug af hvid fosfor bekymrer menneskerettighedsorganisationer, der mener, at det er problematisk i en krig, der ofte foregår i beboede områder som den Grønne Zone, hvor de danske soldater er udstationeret.</p><p id=\\"p9\\">Peter Vedel Kessing, seniorforsker og folkeretsekspert ved Institut for Menneskerettigheder, mener, at det bør undgås: »I det omfang, hvid fosfor anvendes direkte mod kombattanter i Afghanistan, kan der efter min vurdering være tale om unødvendig og overflødig skadevirkning i forhold til de opnåede militære mål.« De nye dokumenter omfatter også eksempler på, at danske styrker har anvendt hvid fosfor i beboede områder.</p><p id=\\"p10\\">Militærjurist Rolf Verge fra Hærens Operative Kommando bekræfter, at de danske styrker anvender hvid fosfor, men han forsikrer, at der udelukkende er tale om lovlige formål.</p><p id=\\"p11\\">CAA@INFORMATION.DK</p></div>
<div class=\\"infomedia_logo\\">
<img src=\\"infomedia_logo.gif\\" alt=\\"logo\\"/>
<p>Alt materiale i Infomedia er omfattet af lov om ophavsret og må ikke kopieres uden særlig tilladelse.</p>
</div>",
        "id": "e2a3ae5c",
      },
      Object {
        "html": "<div class=\\"infomedia_logo\\">
<img src=\\"infomedia_logo.gif\\" alt=\\"logo\\"/>
<p>Alt materiale i Infomedia er omfattet af lov om ophavsret og må ikke kopieres uden særlig tilladelse.</p>
</div>",
        "id": "e2a3ae63",
      },
    ],
  },
}
`;

exports[`InfomediaContent, multiple reviews 1`] = `
Object {
  "data": Object {
    "infomediaContent": Array [
      Object {
        "html": "<div class=\\"infomedia_HeadLine\\">Slap krimi til at lægge under træet</div>
<div class=\\"infomedia_SubHeadLine\\">Slap krimi til at lægge under træet</div>
<div class=\\"infomedia_ByLine\\">,Nanna Frank Rasmussen</div>
<div class=\\"infomedia_DateLine\\">16. November 2019</div>
<div class=\\"infomedia_paper\\">Politiken</div>
<div class=\\"infomedia_hedline\\">Efter en afstikker til USA med den spændstige bedemandstrilogi vender Sara Blædel hjem til sine kendte karakterer Louise Rick og Camilla Lind.</div>
<div class=\\"infomedia_text\\"><p id=\\"p1\\">Sara Blædel vækker for tiende gang sine kendte og elskede figurer politiassistenten Louise Rick og journalisten Camilla Lind til live. De mange trofaste læsere af Blædels krimier skal nok blive begejstrede bare ved tanken om, at der nu er nyt at høre om Rick og Linds tumultariske kærlighedsliv og forældreskabsudfordringer.</p><p id=\\"p2\\">Det er trods alt de to karakterers oplevelser, der har givet liv til Sara Blædels populære hverdagskrimier, der har haft en stor fanskare siden ' Grønt støv' og ' Kald mig prinsesse' udkom i hhv. 2004 og 2005.</p><p id=\\"p3\\">Efter ' Pigen under træet' må man dog spørge, om der snart kan vrides mere ud af den serie. Skal bogmarkedet og fans tvangsfodres med mere uinspireret venstrehåndskrimi, når nu Blædel har vist, at hun kan nå et helt andet og højere niveau? Hendes sidste tre bøger spruttede nemlig af en anderledes fortælleglæde end den, man nu må lade sig nøjes med.</p><p id=\\"p4\\">Den spændstigt spændende udviklingsog roadromantrilogi om Ilka og hendes søstre, nu kendt som bedemandstrilogien, foregik som bekendt i USA, og måske var det så enkelt, at det fysiske flyt gav luft både under fantasiens og sprogets vinger. I så fald ville man ønske, at forfatteren var forblevet udlandsdansker.</p><p id=\\"p5\\">For selv hvis Sara Blædel vendte hjem til sine gamle papirlegekammerater med begejstring, smitter det mildest talt hverken af på sprog eller plot, der er både slapt og søvndyssende.</p><p id=\\"p6\\"><br /><em style=\\"bold\\">Med på lejrskole</em></p><p id=\\"p7\\">Den nyeste bog i serien om Rick og Lind drypper af privat hjemstavnsnostalgi, for med ' Pigen under træet' er vi endnu en gang tilbage i Roskilde, Osted og omegn, hvor forfatteren selv har boet. Desuden finder den ene af bogens forbrydelser sted på en lejrskole på Bornholm i 1995. Også den skoletur er kalkeret over forfatterens (og hendes læseres) oplevelser.</p><p id=\\"p8\\">I 1995 forvilder en ung pige sig ind i en klippegrotte i Ekkodalen, bange og forfulgt.</p><p id=\\"p9\\">Knap 25 år senere finder man hendes lig.</p><p id=\\"p10\\">Samtidig forsvinder Louise Ricks svigerinde, og det får hendes mand, Ricks bror, Mikkel, til at forsøge at begå selvmord.</p><p id=\\"p11\\">Det er ikke første gang, at svigerinden har forladt familien, men det virker alligevel mærkværdigt, at hun ikke har taget nogen stor bagage med sig.</p><p id=\\"p12\\">Snart anklages Mikkel for selv at stå bag sin kones forsvinden. Ligger der mon en forbrydelse bag? Rick kaldes hjem fra sin jordomrejse med kæresten, Eik, og plejesønnen, Jonas, og snart er hun og veninden Camilla involveret i opklaringen af både den nye og den gamle sag.</p><p id=\\"p13\\">Handler det om en ' familietragedie', som medierne ynder at kalde mord og koldblodige likvideringer inden for familiens rammer, eller er der noget helt andet indviklet på spil? Der er så mange spørgsmål, der hober sig op i ' Pigen under træet', men desværre ikke på den gode genredefinerede måde. For bikaraktererne lider under en eklatant mangel på psykologisk dybde og troværdighed.</p><p id=\\"p14\\">Mikkels svigermor vender for eksempel på en tallerken efter en let pædagogisk samtale med Louise Rick. Svigermoren tror nemlig, at det er Mikkel, der står bag sin kones, hendes datters, forsvinden, for hun har hørt (!), at det oftest er nærtstående, der er de skyldige i den slags ' familietragedier' (vi ved først meget sent, hvad der egentlig er sket). Men Louise får hende altså omvendt nærmest ved at knipse med fingrene.</p><p id=\\"p15\\">Svigermor mener desuden, at selvmordsforsøget er afledt af skyldfølelse, men Louise forklarer, at det skyldes, at han er blevet forladt (det er nemlig ikke første gang): »Hans hjerte er knust. Han føler hjertesorg«, som hendes poetiske forklaring lyder.</p><p id=\\"p16\\">Da svigermoren bliver forsikret om, at Rick og Lind nok skal finde ud af, hvad der er sket, sadler hun straks om.</p><p id=\\"p17\\">»Det var måske også lidt overilet at tro, at Mikkel havde gjort noget slemt, han er jo en sød dreng. Men jeg ved, at der er sket min datter noget«, lyder replikken, der med et får 150 siders forudgående mistro og alvorlige anklager til at forsvinde som dug fra solen.</p><p id=\\"p18\\"><br /><em style=\\"bold\\">Julegavebestseller</em></p><p id=\\"p19\\">Lige så nemt kommer Mikkel ud af en kulsort depression, der har drænet ham for enhver livslyst. Og da hele plottets baggrund skal vikles op og ud, sker det i et hæsblæsende nonchalant tempo. Sådan var det bare. Fordi. Punktum. Det er enten dovent eller direkte provokerende nedladende over for det læsende publikum, at Blædel ikke er mere interesseret i at udfolde ondskabens kerne og bevæggrunde.</p><p id=\\"p20\\">Der er tilløb til, at læseren kan lægge bogen fra sig med overordnet tematiske betragtninger i hukommelsesbanken, men det er kun, hvis man stædigt insisterer på at komme ud af refleksionens starthuller. Man kan med lidt velvillighed sige, at ' Pigen under træet' kredser om det at blive forladt, udstødt, at føle sig uelsket og fravalgt. Noget, som denne bog, udgivelsestidspunktet og fanbasens størrelse taget i betragtning ikke kommer til at opleve.</p><p id=\\"p21\\">Først og fremmest føles det nemlig, som om bogen er blevet til, fordi forfatter og forlag gerne ville præsentere en oplagt julegavebestseller. Man kunne derfor sagtens have kaldt den ' Bogen under juletræet' i stedet.</p><p id=\\"p22\\">nanna.rasmussen@pol.dk </p><p id=\\"p23\\"><br /><em style=\\"bold\\">Fakta: ANMELDERPLUK Det skrev Politiken om de 3 seneste i Louise Rick-serien</em></p><p id=\\"p24\\">' Kvinden de meldte savnet' (2014) »Nej, der er ikke meget rå vold og vildskab over Blædel, men hun forstår at fortælle en rolig og paradoksalt nok tempofyldt historie om død og kærlighed«. Mette Højbjerg ' Dødesporet' (2013) »Det er befriende at læse om religiøs ekstremisme og vold, uden at det handler om islamister og Mellemøsten.</p><p id=\\"p25\\">Også derfor kører det godt for Sara Blædel i den ottende bog om opdageren Louise Rick«. Mette Højbjerg ' De glemte piger' (2011) »Sara Blædel har med ' De glemte piger' ikke bare fundet på en rigtig god historie, hun har også skruet plottet suverænt sammen, så overraskelserne kommer på de helt rigtige tidspunkter, og uhyggen indfinder sig i stadig stigende grad«. Mette Højbjerg.</p></div>
<div class=\\"infomedia_logo\\">
<img src=\\"infomedia_logo.gif\\" alt=\\"logo\\"/>
<p>Alt materiale i Infomedia er omfattet af lov om ophavsret og må ikke kopieres uden særlig tilladelse.</p>
</div>",
        "id": "e770b915",
      },
    ],
  },
}
`;

exports[`InfomediaContent, single article 1`] = `
Object {
  "data": Object {
    "infomedia": Object {
      "article": Object {
        "html": "<div class=\\"infomedia_HeadLine\\">Afghanistan: NATO bruger hvid fosfor i stort omfang mod Taleban</div>
<div class=\\"infomedia_SubHeadLine\\">Afghanistan: NATO bruger hvid fosfor i stort omfang mod Taleban</div>
<div class=\\"infomedia_ByLine\\">Charlotte Aagaard, Anton Geist, Sebastian Gjerding, Emil Rottbøll, ,, ,  Og</div>
<div class=\\"infomedia_DateLine\\">19. April 2011</div>
<div class=\\"infomedia_paper\\">Information</div>
<div class=\\"infomedia_hedline\\">NATO-koalitionen skyder med hvid fosfor i Afghanistan i langt større omfang, end det hidtil har været kendt. Flere efterretningsrapporter tyder på, at det napalmlignende stof bruges ulovligt som angrebsvåben. Også danske styrker har brugt hvid fosfor i beboede områder</div>
<div class=\\"infomedia_text\\"><p id=\\"p1\\">Nye lækkede efterretningsrapporter viser et overraskende stort forbrug af hvid fosfor i krigen mod Taleban.</p><p id=\\"p2\\">De knap 15.000 efterretningsrapporter fra koalitionen i Afghanistan, som Information er i besiddelse af, viser eksempler på, at NATO-koalitionens styrker ( ISAF) har skudt 20, 30 og 50 runder af det napalmlignende stof mod ét enkelt oprørsmål.</p><p id=\\"p3\\">Normalt bruges hvid fosfor til at oplyse et krigsområde om natten, udlægge røgslør eller markere et bombemål.</p><p id=\\"p4\\">Men der er adskillige efterretningsrapporter, som tyder på, at hvid fosfor anvendes som angrebsvåben mod Taleban og deres allierede.</p><p id=\\"p5\\">Ifølge FN's Våbenkonvention er bomber med hvid fosfor ulovlige at bruge i krig, når det sker i »tætbebyggede områder«, eller hvis der er risiko for at ramme civile.</p><p id=\\"p6\\">Hvid fosfor som angreb I en af de lækkede rapporter fremgår det, at amerikanske styrker 19. juni 2008 i det østlige Afghanistan har fået øje på en fjendtlig oprørsstilling mellem kl. 9.59 og 12.22 afghansk tid.</p><p id=\\"p7\\">»Som svar affyrede Task Force Eagle 30 gange 120 mm hvid fosfor på denne koordinat og smed to GBU 31 ( bomber) i nærheden af samme koordinat,« hedder det i ISAF-rapport # 06-862. ISAF bekræfter brugen af fosfor som angrebsvåben, men afviser, at det bruges ulovligt.</p><p id=\\"p8\\">Den omfattende brug af hvid fosfor bekymrer menneskerettighedsorganisationer, der mener, at det er problematisk i en krig, der ofte foregår i beboede områder som den Grønne Zone, hvor de danske soldater er udstationeret.</p><p id=\\"p9\\">Peter Vedel Kessing, seniorforsker og folkeretsekspert ved Institut for Menneskerettigheder, mener, at det bør undgås: »I det omfang, hvid fosfor anvendes direkte mod kombattanter i Afghanistan, kan der efter min vurdering være tale om unødvendig og overflødig skadevirkning i forhold til de opnåede militære mål.« De nye dokumenter omfatter også eksempler på, at danske styrker har anvendt hvid fosfor i beboede områder.</p><p id=\\"p10\\">Militærjurist Rolf Verge fra Hærens Operative Kommando bekræfter, at de danske styrker anvender hvid fosfor, men han forsikrer, at der udelukkende er tale om lovlige formål.</p><p id=\\"p11\\">CAA@INFORMATION.DK</p></div>
<div class=\\"infomedia_logo\\">
<img src=\\"infomedia_logo.gif\\" alt=\\"logo\\"/>
<p>Alt materiale i Infomedia er omfattet af lov om ophavsret og må ikke kopieres uden særlig tilladelse.</p>
</div>",
        "id": "e2a3ae5c",
      },
      "error": null,
    },
  },
}
`;

exports[`Manifestation -> onlineAccess returns InfomediaReference 1`] = `
Object {
  "data": Object {
    "manifestation": Object {
      "onlineAccess": Array [
        Object {
          "infomediaId": "e2a3ae5c",
        },
        Object {
          "infomediaId": "e2a3ae63",
        },
      ],
      "pid": "870971-anmeld:47413281",
    },
  },
}
`;
