// Jest Snapshot v1, https://goo.gl/fbAQLP

exports[`library - get all 1`] = `
Object {
  "data": Object {
    "branches": Object {
      "hitcount": 6541,
      "result": Array [
        Object {
          "agencyId": "800010",
          "agencyName": "Det Kgl. Bibliotek",
          "borrowerCheck": true,
          "branchId": "800044",
          "city": "Aarhus C",
          "digitalCopyAccess": false,
          "name": "AU Bartholins Allé, Aarhus",
          "openingHours": null,
          "pickupAllowed": true,
          "postalAddress": "Bartholins Allé 11",
          "postalCode": "8000",
          "userParameters": Array [
            Object {
              "parameterRequired": true,
              "userParameterType": "USERID",
            },
            Object {
              "parameterRequired": false,
              "userParameterType": "USERMAIL",
            },
          ],
        },
        Object {
          "agencyId": "800010",
          "agencyName": "Det Kgl. Bibliotek",
          "borrowerCheck": true,
          "branchId": "800041",
          "city": "Herning",
          "digitalCopyAccess": false,
          "name": "AU Birk Centerpark, Herning",
          "openingHours": null,
          "pickupAllowed": true,
          "postalAddress": "Birk Centerpark 15",
          "postalCode": "7400",
          "userParameters": Array [
            Object {
              "parameterRequired": true,
              "userParameterType": "USERID",
            },
            Object {
              "parameterRequired": false,
              "userParameterType": "USERMAIL",
            },
          ],
        },
        Object {
          "agencyId": "800010",
          "agencyName": "Det Kgl. Bibliotek",
          "borrowerCheck": true,
          "branchId": "800039",
          "city": "København NV",
          "digitalCopyAccess": false,
          "name": "AU Emdrup, København",
          "openingHours": null,
          "pickupAllowed": true,
          "postalAddress": "Tuborgvvej 164",
          "postalCode": "2400",
          "userParameters": Array [
            Object {
              "parameterRequired": true,
              "userParameterType": "USERID",
            },
            Object {
              "parameterRequired": false,
              "userParameterType": "USERMAIL",
            },
          ],
        },
        Object {
          "agencyId": "800010",
          "agencyName": "Det Kgl. Bibliotek",
          "borrowerCheck": true,
          "branchId": "800038",
          "city": "Aarhus V",
          "digitalCopyAccess": false,
          "name": "AU Fuglesangs Allé, Aarhus",
          "openingHours": null,
          "pickupAllowed": true,
          "postalAddress": "Fuglesangs Alle 4",
          "postalCode": "8210",
          "userParameters": Array [
            Object {
              "parameterRequired": true,
              "userParameterType": "USERID",
            },
            Object {
              "parameterRequired": false,
              "userParameterType": "USERMAIL",
            },
          ],
        },
        Object {
          "agencyId": "800010",
          "agencyName": "Det Kgl. Bibliotek",
          "borrowerCheck": true,
          "branchId": "800037",
          "city": "Aarhus C",
          "digitalCopyAccess": false,
          "name": "AU Kasernen, Aarhus",
          "openingHours": null,
          "pickupAllowed": true,
          "postalAddress": "Langelandsgade 151",
          "postalCode": "8000",
          "userParameters": Array [
            Object {
              "parameterRequired": true,
              "userParameterType": "USERID",
            },
            Object {
              "parameterRequired": false,
              "userParameterType": "USERMAIL",
            },
          ],
        },
        Object {
          "agencyId": "800010",
          "agencyName": "Det Kgl. Bibliotek",
          "borrowerCheck": true,
          "branchId": "800042",
          "city": "Aarhus N",
          "digitalCopyAccess": false,
          "name": "AU Katrinebjerg, Aarhus",
          "openingHours": null,
          "pickupAllowed": true,
          "postalAddress": "Finlandsgade 21, 1. sal",
          "postalCode": "8200",
          "userParameters": Array [
            Object {
              "parameterRequired": true,
              "userParameterType": "USERID",
            },
            Object {
              "parameterRequired": false,
              "userParameterType": "USERMAIL",
            },
          ],
        },
        Object {
          "agencyId": "852130",
          "agencyName": "AU Library, Kalø",
          "borrowerCheck": true,
          "branchId": "852130",
          "city": "Rønde",
          "digitalCopyAccess": false,
          "name": "AU Library, Kalø",
          "openingHours": "8-16",
          "pickupAllowed": true,
          "postalAddress": "Grenåvej 14
Kalø",
          "postalCode": "8410",
          "userParameters": Array [
            Object {
              "parameterRequired": true,
              "userParameterType": "USERID",
            },
            Object {
              "parameterRequired": false,
              "userParameterType": "USERMAIL",
            },
          ],
        },
        Object {
          "agencyId": "831040",
          "agencyName": "AU Library Katrinebjerg",
          "borrowerCheck": true,
          "branchId": "872120",
          "city": "Aarhus N",
          "digitalCopyAccess": false,
          "name": "AU Library, Katrinebjerg",
          "openingHours": "Mandag-fredag kl. 10.00-15.00",
          "pickupAllowed": true,
          "postalAddress": "Helsingforsgade 12 Bygning 5335 - 1. sal",
          "postalCode": "8200",
          "userParameters": Array [
            Object {
              "parameterRequired": true,
              "userParameterType": "USERID",
            },
            Object {
              "parameterRequired": false,
              "userParameterType": "USERMAIL",
            },
          ],
        },
        Object {
          "agencyId": "820010",
          "agencyName": "Det Kgl. Bibliotek - Aarhus",
          "borrowerCheck": true,
          "branchId": "850920",
          "city": "Risskov",
          "digitalCopyAccess": false,
          "name": "AU Library, Psykiatri",
          "openingHours": "Mandag kl. 9-15
Tirsdag  kl. 9-15
Onsdag kl. 12-15
Torsdag kl. 9-15
Fredag   kl. 9-15",
          "pickupAllowed": true,
          "postalAddress": "Skovagervej 2, Indg. 34,  1. sal tv.",
          "postalCode": "8240",
          "userParameters": Array [
            Object {
              "parameterRequired": true,
              "userParameterType": "USERID",
            },
            Object {
              "parameterRequired": false,
              "userParameterType": "USERMAIL",
            },
          ],
        },
        Object {
          "agencyId": "850800",
          "agencyName": "AU Library, Silkeborg",
          "borrowerCheck": true,
          "branchId": "850801",
          "city": "Roskilde",
          "digitalCopyAccess": false,
          "name": "AU Library, Roskilde",
          "openingHours": "Henvendelse via e-mail: bibldmu@dmu.dk",
          "pickupAllowed": true,
          "postalAddress": "Frederiksborgvej 399",
          "postalCode": "4000",
          "userParameters": Array [
            Object {
              "parameterRequired": true,
              "userParameterType": "USERID",
            },
            Object {
              "parameterRequired": false,
              "userParameterType": "USERMAIL",
            },
          ],
        },
      ],
    },
  },
}
`;

exports[`library - get branches for agency 1`] = `
Object {
  "data": Object {
    "branches": Object {
      "hitcount": 25,
      "result": Array [
        Object {
          "agencyId": "710100",
          "borrowerCheck": true,
          "branchId": "710110",
          "city": "København NV",
          "digitalCopyAccess": false,
          "name": "Biblioteket Rentemestervej",
          "openingHours": "Åbningstider
Se åbningstider på:
bibliotek.kk.dk/biblioteker/",
          "pickupAllowed": true,
          "postalAddress": "Rentemestervej 76",
          "postalCode": "2400",
          "userParameters": Array [
            Object {
              "parameterRequired": true,
              "userParameterType": "USERID",
            },
            Object {
              "parameterRequired": false,
              "userParameterType": "USERMAIL",
            },
          ],
        },
        Object {
          "agencyId": "710100",
          "borrowerCheck": true,
          "branchId": "710114",
          "city": "København S",
          "digitalCopyAccess": false,
          "name": "Bibliotekshuset Rodosvej",
          "openingHours": "Åbningstider
Se åbningstider på:
bibliotek.kk.dk/biblioteker/",
          "pickupAllowed": true,
          "postalAddress": "Rodosvej 4",
          "postalCode": "2300",
          "userParameters": Array [
            Object {
              "parameterRequired": true,
              "userParameterType": "USERID",
            },
            Object {
              "parameterRequired": false,
              "userParameterType": "USERMAIL",
            },
          ],
        },
        Object {
          "agencyId": "710100",
          "borrowerCheck": true,
          "branchId": "710104",
          "city": "København N",
          "digitalCopyAccess": false,
          "name": "Blågårdens Bibliotek",
          "openingHours": "Åbningstider
Se åbningstider på:
bibliotek.kk.dk/biblioteker",
          "pickupAllowed": true,
          "postalAddress": "Blågårds Plads 5",
          "postalCode": "2200",
          "userParameters": Array [
            Object {
              "parameterRequired": true,
              "userParameterType": "USERID",
            },
            Object {
              "parameterRequired": false,
              "userParameterType": "USERMAIL",
            },
          ],
        },
        Object {
          "agencyId": "710100",
          "borrowerCheck": true,
          "branchId": "710105",
          "city": "Brønshøj",
          "digitalCopyAccess": false,
          "name": "Brønshøj Bibliotek",
          "openingHours": "Åbningstider
Se åbningstider på:
bibliotek.kk.dk/biblioteker/",
          "pickupAllowed": true,
          "postalAddress": "Krabbesholmvej 3
",
          "postalCode": "2700",
          "userParameters": Array [
            Object {
              "parameterRequired": true,
              "userParameterType": "USERID",
            },
            Object {
              "parameterRequired": false,
              "userParameterType": "USERMAIL",
            },
          ],
        },
        Object {
          "agencyId": "710100",
          "borrowerCheck": true,
          "branchId": "710106",
          "city": "København K",
          "digitalCopyAccess": false,
          "name": "Christianshavns Bibliotek",
          "openingHours": "Åbningstider
Se åbningstider på:
bibliotek.kk.dk/biblioteker/",
          "pickupAllowed": true,
          "postalAddress": "Dronningensgade 53",
          "postalCode": "1420",
          "userParameters": Array [
            Object {
              "parameterRequired": true,
              "userParameterType": "USERID",
            },
            Object {
              "parameterRequired": false,
              "userParameterType": "USERMAIL",
            },
          ],
        },
        Object {
          "agencyId": "710100",
          "borrowerCheck": true,
          "branchId": "710100",
          "city": "København K",
          "digitalCopyAccess": false,
          "name": "Hovedbiblioteket, Krystalgade",
          "openingHours": "Åbningstider
Se åbningstider på:
<a href=\\"https://bibliotek.kk.dk/biblioteker/\\">bibliotek.kk.dk/biblioteker</a>",
          "pickupAllowed": true,
          "postalAddress": "Krystalgade 15",
          "postalCode": "1172",
          "userParameters": Array [
            Object {
              "parameterRequired": true,
              "userParameterType": "USERID",
            },
            Object {
              "parameterRequired": false,
              "userParameterType": "USERMAIL",
            },
          ],
        },
        Object {
          "agencyId": "710100",
          "borrowerCheck": true,
          "branchId": "710107",
          "city": "Brønshøj",
          "digitalCopyAccess": false,
          "name": "Husum Bibliotek",
          "openingHours": "Åbningstider
Se åbningstider på:
bibliotek.kk.dk/biblioteker/",
          "pickupAllowed": true,
          "postalAddress": "Frederikssundsvej 290",
          "postalCode": "2700",
          "userParameters": Array [
            Object {
              "parameterRequired": true,
              "userParameterType": "USERID",
            },
            Object {
              "parameterRequired": false,
              "userParameterType": "USERMAIL",
            },
          ],
        },
        Object {
          "agencyId": "710100",
          "borrowerCheck": true,
          "branchId": "710108",
          "city": "København S",
          "digitalCopyAccess": false,
          "name": "Islands Brygge Bibliotek",
          "openingHours": "Åbningstider
Se åbningstider på:
bibliotek.kk.dk/biblioteker/",
          "pickupAllowed": true,
          "postalAddress": "Njalsgade 15",
          "postalCode": "2300",
          "userParameters": Array [
            Object {
              "parameterRequired": true,
              "userParameterType": "USERID",
            },
            Object {
              "parameterRequired": false,
              "userParameterType": "USERMAIL",
            },
          ],
        },
        Object {
          "agencyId": "710100",
          "borrowerCheck": true,
          "branchId": "710118",
          "city": "Vanløse",
          "digitalCopyAccess": false,
          "name": "Kulturstationen Vanløse. Biblioteket",
          "openingHours": "Åbningstider
Se åbningstider på:
bibliotek.kk.dk/biblioteker/",
          "pickupAllowed": true,
          "postalAddress": "Jernbane Alle 38",
          "postalCode": "2720",
          "userParameters": Array [
            Object {
              "parameterRequired": true,
              "userParameterType": "USERID",
            },
            Object {
              "parameterRequired": false,
              "userParameterType": "USERMAIL",
            },
          ],
        },
        Object {
          "agencyId": "710100",
          "borrowerCheck": true,
          "branchId": "710111",
          "city": "København N",
          "digitalCopyAccess": false,
          "name": "Nørrebro Bibliotek",
          "openingHours": "Åbningstider
Se åbningstider på:
bibliotek.kk.dk/biblioteker/",
          "pickupAllowed": true,
          "postalAddress": "Nørrebrohallen
Nørrebrogade 208",
          "postalCode": "2200",
          "userParameters": Array [
            Object {
              "parameterRequired": true,
              "userParameterType": "USERID",
            },
            Object {
              "parameterRequired": false,
              "userParameterType": "USERMAIL",
            },
          ],
        },
      ],
    },
  },
}
`;
