// Jest Snapshot v1, https://goo.gl/fbAQLP

exports[`PeriodicaArticleOrder, agency not subscribed should give error 1`] = `
Object {
  "data": Object {
    "submitPeriodicaArticleOrder": Object {
      "status": "ERROR_NO_NAME_OR_EMAIL",
    },
  },
}
`;

exports[`PeriodicaArticleOrder, manifestation not part of statsbibliotek journal should give error 1`] = `
Object {
  "data": Object {
    "submitPeriodicaArticleOrder": Object {
      "status": "ERROR_PID_NOT_RESERVABLE",
    },
  },
}
`;

exports[`PeriodicaArticleOrder, order success 1`] = `
Object {
  "data": Object {
    "submitPeriodicaArticleOrder": Object {
      "status": "ERROR_PID_NOT_RESERVABLE",
    },
  },
}
`;

exports[`PeriodicaArticleOrder, order when agency has no borrowerCheck 1`] = `
Object {
  "data": Object {
    "submitPeriodicaArticleOrder": Object {
      "status": "ERROR_PID_NOT_RESERVABLE",
    },
  },
}
`;

exports[`PeriodicaArticleOrder, unauthorized user should give error 1`] = `
Object {
  "data": Object {
    "submitPeriodicaArticleOrder": Object {
      "status": "ERROR_UNAUTHORIZED_USER",
    },
  },
}
`;

exports[`PeriodicaArticleOrder, unknown pickupBranch should give error 1`] = `
Object {
  "data": Object {
    "submitPeriodicaArticleOrder": Object {
      "status": "ERROR_INVALID_PICKUP_BRANCH",
    },
  },
}
`;
