// Jest Snapshot v1, https://goo.gl/fbAQLP

exports[`series - get series from workId 1`] = `
Object {
  "data": Object {
    "work": Object {
      "series": Array [
        Object {
          "members": Array [
            Object {
              "numberInSeries": "Del 1",
              "work": Object {
                "workId": "work-of:870970-basis:26521556",
              },
            },
            Object {
              "numberInSeries": "Del 2",
              "work": Object {
                "workId": "work-of:870970-basis:53247806",
              },
            },
            Object {
              "numberInSeries": "Del 3",
              "work": Object {
                "workId": "work-of:870970-basis:53557791",
              },
            },
            Object {
              "numberInSeries": "Del 4",
              "work": Object {
                "workId": "work-of:870970-basis:53802001",
              },
            },
            Object {
              "numberInSeries": "Del 5",
              "work": Object {
                "workId": "work-of:870970-basis:45942570",
              },
            },
            Object {
              "numberInSeries": "Del 6",
              "work": Object {
                "workId": "work-of:870970-basis:46656172",
              },
            },
            Object {
              "numberInSeries": "Del 7",
              "work": Object {
                "workId": "work-of:870970-basis:38500775",
              },
            },
            Object {
              "numberInSeries": "Del 8",
              "work": Object {
                "workId": "work-of:870970-basis:134823658",
              },
            },
          ],
          "numberInSeries": "Del 7",
          "readThisFirst": null,
          "readThisWhenever": null,
          "title": "De syv s√∏stre-serien",
        },
      ],
    },
  },
}
`;
